TAP version 13
ok 1 - Kisma\Core\Components\ReaderWriterTest::testLineReader
ok 2 - Kisma\Core\Components\ReaderWriterTest::testReadCsv
ok 3 - Kisma\Core\Components\ReaderWriterTest::testReadPsv
ok 4 - Kisma\Core\Components\ReaderWriterTest::testReadTsv
ok 5 - Kisma\Core\Components\ReaderWriterTest::testWriteCsv
ok 6 - Kisma\Core\SeedBagTest::testKeys
ok 7 - Kisma\Core\SeedBagTest::testValues
ok 8 - Kisma\Core\SeedBagTest::testGet
ok 9 - Kisma\Core\SeedBagTest::testSet
ok 10 - Kisma\Core\SeedBagTest::testClear
ok 11 - Kisma\Core\SeedBagTest::testMerge
ok 12 - Kisma\Core\SeedBagTest::testContains
ok 13 - Kisma\Core\SeedBagTest::testGetIterator
ok 14 - Kisma\Core\SeedBagTest::testCount
ok 15 - Kisma\Core\SeedTest::testOnBeforeDestruct
ok 16 - Kisma\Core\SeedTest::testOnAfterConstruct
ok 17 - Kisma\Core\SeedTest::testGetId
ok 18 - Kisma\Core\SeedTest::testGetTag
ok 19 - Kisma\Core\SeedTest::testGetName
ok 20 - Kisma\Core\SeedTest::testGetEventManager
ok 21 - Kisma\Core\SeedTest::testDiscoverEvents
ok 22 - Kisma\Core\SeedTest::testUnsubscribe
ok 23 - Kisma\Core\Utility\DateTimeTest::testPrettySeconds
ok 24 - Kisma\Core\Utility\HasherTest::testGenerateUnique
ok 25 - Kisma\Core\Utility\InflectorTest::testPluralize
ok 26 - Kisma\Core\Utility\InflectorTest::testPrettyNameOf
ok 27 - Kisma\Core\Utility\OptionTest::testGet
ok 28 - Kisma\Core\Utility\SchemaFormBuilderTest::testCreate
ok 29 - KismaTest::testCallStatic
ok 30 - KismaTest::testConceive
ok 31 - KismaTest::testSet
ok 32 - KismaTest::testGet
1..32
